// Jest Snapshot v1, https://goo.gl/fbAQLP

exports[`Utils sortByMostAccurateName should sort items by most matching name 1`] = `
Array [
  Object {
    "name": "Orange",
  },
  Object {
    "name": "Orange a",
  },
  Object {
    "name": "Eng",
  },
]
`;
